// Jest Snapshot v1, https://goo.gl/fbAQLP

exports[`renders the Edit Expense Page 1`] = `
<div>
  <div
    className="page-header"
  >
    <div
      className="content-container"
    >
      <h1
        className="page-header__title"
      >
        Edit your expense
      </h1>
    </div>
  </div>
  <div
    className="content-container"
  >
    <ExpenseForm
      expense={
        Object {
          "amount": 649,
          "createdAt": 604800000,
          "description": "New mouse",
          "id": "3",
          "note": "",
        }
      }
      onSubmit={[Function]}
    />
    <div>
      <button
        className="button button--secondary"
        onClick={[Function]}
      >
        Delete
      </button>
    </div>
  </div>
</div>
`;
