// Jest Snapshot v1, https://goo.gl/fbAQLP

exports[`renders the ExpenseListItem 1`] = `
<div>
  <Link
    to="/edit/1"
  >
    <h3>
      Groceries
    </h3>
  </Link>
  <p>
    <span>
      £14.55
       
    </span>
    -
    <span>
       
      Thursday 25th December 1969
    </span>
  </p>
</div>
`;
