// Jest Snapshot v1, https://goo.gl/fbAQLP

exports[`renders the ExpenseListItem 1`] = `
<Link
  className="list-item"
  to="/edit/1"
>
  <div>
    <h3
      className="list-item__title"
    >
      Groceries
    </h3>
    <span
      className="list-item__sub-title"
    >
       
      Thursday 25th December 1969
    </span>
  </div>
  <h3
    className="list-item__data"
  >
    £14.55
  </h3>
</Link>
`;
